
Map of Debug\switching.sm8 from link file Debug\switching.lkf - Fri Jul 19 16:20:26 2019


                               --------
                               Segments
                               --------

start 00008080 end 000080a0 length    32 segment .const
start 000080a3 end 00008a67 length  2500 segment .text
start 00004000 end 00004000 length     0 segment .eeprom
start 00000000 end 00000000 length     0 segment .bsct
start 00000000 end 0000000a length    10 segment .ubsct
start 0000000a end 0000000a length     0 segment .bit
start 0000000a end 0000000a length     0 segment .share
start 00000100 end 00000100 length     0 segment .data
start 00000100 end 00000100 length     0 segment .bss
start 00000000 end 00000673 length  1651 segment .info.
start 00000000 end 00000d34 length  3380 segment .debug
start 00008000 end 00008080 length   128 segment .const
start 000080a0 end 000080a3 length     3 segment .init


                               -------
                               Modules
                               -------

C:\Program Files (x86)\COSMIC\FSE_Compilers\CXSTM8\lib\crtsi0.sm8:
start 000080a3 end 000080f3 length    80 section .text
start 00000100 end 00000100 length     0 section .bss
start 00000000 end 00000000 length     0 section .ubsct
start 00000000 end 00000034 length    52 section .info.

Debug\clk.o:
start 000080f3 end 00008140 length    77 section .text
start 00000000 end 000000da length   218 section .debug
start 00000034 end 0000009e length   106 section .info.

Debug\timer.o:
start 00008140 end 00008587 length  1095 section .text
start 000000da end 00000917 length  2109 section .debug
start 0000009e end 0000010a length   108 section .info.
start 00008080 end 0000809c length    28 section .const

Debug\main.o:
start 00008587 end 000085d8 length    81 section .text
start 00000917 end 000009c5 length   174 section .debug
start 0000010a end 00000175 length   107 section .info.
start 0000809c end 000080a0 length     4 section .const

Debug\gpio.o:
start 000085d8 end 00008651 length   121 section .text
start 000009c5 end 00000bc9 length   516 section .debug
start 00000175 end 000001e0 length   107 section .info.

(C:\Program Files (x86)\COSMIC\FSE_Compilers\CXSTM8\lib\libm0.sm8)ctof.o:
start 00008651 end 00008659 length     8 section .text
start 000001e0 end 0000020f length    47 section .info.

(C:\Program Files (x86)\COSMIC\FSE_Compilers\CXSTM8\lib\libm0.sm8)fcmp.o:
start 00008659 end 0000868f length    54 section .text
start 0000020f end 0000023e length    47 section .info.

(C:\Program Files (x86)\COSMIC\FSE_Compilers\CXSTM8\lib\libm0.sm8)fdiv.o:
start 0000868f end 00008713 length   132 section .text
start 0000023e end 0000026d length    47 section .info.

(C:\Program Files (x86)\COSMIC\FSE_Compilers\CXSTM8\lib\libm0.sm8)fgadd.o:
start 00008713 end 0000871b length     8 section .text
start 0000026d end 0000029d length    48 section .info.

(C:\Program Files (x86)\COSMIC\FSE_Compilers\CXSTM8\lib\libm0.sm8)fadd.o:
start 0000871b end 000087f8 length   221 section .text
start 0000029d end 000002cc length    47 section .info.

(C:\Program Files (x86)\COSMIC\FSE_Compilers\CXSTM8\lib\libm0.sm8)fgmul.o:
start 000087f8 end 00008800 length     8 section .text
start 000002cc end 000002fc length    48 section .info.

(C:\Program Files (x86)\COSMIC\FSE_Compilers\CXSTM8\lib\libm0.sm8)fmul.o:
start 00008800 end 000088d5 length   213 section .text
start 000002fc end 0000032b length    47 section .info.

(C:\Program Files (x86)\COSMIC\FSE_Compilers\CXSTM8\lib\libm0.sm8)ftol.o:
start 000088d5 end 00008937 length    98 section .text
start 0000032b end 0000035a length    47 section .info.

(C:\Program Files (x86)\COSMIC\FSE_Compilers\CXSTM8\lib\libm0.sm8)itof.o:
start 00008937 end 00008965 length    46 section .text
start 0000035a end 00000389 length    47 section .info.

(C:\Program Files (x86)\COSMIC\FSE_Compilers\CXSTM8\lib\libm0.sm8)ladd.o:
start 00008965 end 0000897d length    24 section .text
start 00000389 end 000003b8 length    47 section .info.

(C:\Program Files (x86)\COSMIC\FSE_Compilers\CXSTM8\lib\libm0.sm8)lcmp.o:
start 0000897d end 0000899d length    32 section .text
start 000003b8 end 000003e7 length    47 section .info.

(C:\Program Files (x86)\COSMIC\FSE_Compilers\CXSTM8\lib\libm0.sm8)lreg.o:
start 00000000 end 00000004 length     4 section .ubsct
start 000003e7 end 00000416 length    47 section .info.

(C:\Program Files (x86)\COSMIC\FSE_Compilers\CXSTM8\lib\libm0.sm8)lsbc.o:
start 0000899d end 000089b4 length    23 section .text
start 00000416 end 00000445 length    47 section .info.

(C:\Program Files (x86)\COSMIC\FSE_Compilers\CXSTM8\lib\libm0.sm8)ltor.o:
start 000089b4 end 000089c6 length    18 section .text
start 00000445 end 00000474 length    47 section .info.

(C:\Program Files (x86)\COSMIC\FSE_Compilers\CXSTM8\lib\libm0.sm8)lzmp.o:
start 000089c6 end 000089d9 length    19 section .text
start 00000474 end 000004a3 length    47 section .info.

(C:\Program Files (x86)\COSMIC\FSE_Compilers\CXSTM8\lib\libm0.sm8)rtol.o:
start 000089d9 end 000089eb length    18 section .text
start 000004a3 end 000004d2 length    47 section .info.

(C:\Program Files (x86)\COSMIC\FSE_Compilers\CXSTM8\lib\libm0.sm8)uitof.o:
start 000089eb end 00008a0f length    36 section .text
start 000004d2 end 00000502 length    48 section .info.

(C:\Program Files (x86)\COSMIC\FSE_Compilers\CXSTM8\lib\libm0.sm8)utolx.o:
start 00008a0f end 00008a16 length     7 section .text
start 00000502 end 00000532 length    48 section .info.

(C:\Program Files (x86)\COSMIC\FSE_Compilers\CXSTM8\lib\libm0.sm8)ultof.o:
start 00008a16 end 00008a66 length    80 section .text
start 00000532 end 00000562 length    48 section .info.

(C:\Program Files (x86)\COSMIC\FSE_Compilers\CXSTM8\lib\libm0.sm8)xreg.o:
start 00000004 end 00000007 length     3 section .ubsct
start 00000562 end 00000591 length    47 section .info.

(C:\Program Files (x86)\COSMIC\FSE_Compilers\CXSTM8\lib\libm0.sm8)yreg.o:
start 00000007 end 0000000a length     3 section .ubsct
start 00000591 end 000005c0 length    47 section .info.

Debug\stm8_interrupt_vector.o:
start 00008a66 end 00008a67 length     1 section .text
start 00000bc9 end 00000d34 length   363 section .debug
start 000005c0 end 0000063c length   124 section .info.
start 00008000 end 00008080 length   128 section .const


                             -----------
                             Stack usage
                             -----------

Debug\clk.o:
_HSIMasterClkSetFreq        4   (4)

Debug\gpio.o:
_configureGPIO             13   (13)

Debug\main.o:
_main                  >   80   (2)

Debug\stm8_interrupt_vector.o:
f_NonHandledInterrupt  >    6   (6)

Debug\timer.o:
_determineArr              30   (22)
_determineMinPsc           28   (20)
_determineOCValue          24   (16)
_getMasterClkFreq          10   (8)
_setTim1Deadtime       >   24   (14)
_setTim1Freq               78   (22)
_setTim1OCPeriod           56   (26)
_tim1InitOC                29   (10)
_tim1OCSetMode             19   (16)
_tim1OCSetValue            17   (14)
_tim1SetValues             14   (14)

Stack size: 86


                              ---------
                              Call tree
                              ---------
   1 > __stext: (0)

   2 > _main: (2)
   3      + _HSIMasterClkSetFreq: (4)
   4      + _configureGPIO: (13)
   5      + _setTim1Freq: (22)
   6      |    + _getMasterClkFreq: (8)
   7      |    + _setTim1OCPeriod: (26)
   8      |    |    + _determineArr: (22)
   9      |    |    + _determineMinPsc: (20)
  10      |    |    + _determineOCValue: (16)
  11      |    |    + _tim1OCSetValue: (14)
  12      |    |    + _tim1SetValues: (14)
          |    | 
          | 
  13      + _tim1InitOC: (10)
  14      |    + _tim1OCSetMode: (16)
          | 
       
  15 > _setTim1Deadtime: (14)
  16      + _getMasterClkFreq --> 6
       
  17 > f_NonHandledInterrupt: (6)

  18   _HSIMasterClkSetFreq --> 3

  19   _configureGPIO --> 4

  20   _determineArr --> 8

  21   _determineMinPsc --> 9

  22   _determineOCValue --> 10

  23   _getMasterClkFreq --> 6

  24   _setTim1Freq --> 5

  25   _setTim1OCPeriod --> 7

  26   _tim1InitOC --> 13

  27   _tim1OCSetMode --> 14

  28   _tim1OCSetValue --> 11

  29   _tim1SetValues --> 12



                               -------
                               Symbols
                               -------

_HSIMasterClkSetFreq    000080f3   defined in Debug\clk.o section .text
                                   used in Debug\main.o
__endmem                000001ff   defined in command file
                                   *** not used ***
__endzp                 0000000a   defined in command file section .ubsct
                                   used in C:\Program Files (x86)\COSMIC\FSE_Compilers\CXSTM8\lib\crtsi0.sm8
__idesc__               000080a0   defined in linker section .init
                                   used in C:\Program Files (x86)\COSMIC\FSE_Compilers\CXSTM8\lib\crtsi0.sm8
__memory                00000100   defined in command file section .bss
                                   used in C:\Program Files (x86)\COSMIC\FSE_Compilers\CXSTM8\lib\crtsi0.sm8
__stack                 000003ff   defined in command file
                                   used in C:\Program Files (x86)\COSMIC\FSE_Compilers\CXSTM8\lib\crtsi0.sm8
__startmem              00000100   defined in command file section .bss
                                   *** not used ***
__stext                 000080a3   defined in C:\Program Files (x86)\COSMIC\FSE_Compilers\CXSTM8\lib\crtsi0.sm8 section .text
                                   used in Debug\stm8_interrupt_vector.o
__vectab                00008000   defined in Debug\stm8_interrupt_vector.o section .const
_configureGPIO          000085d8   defined in Debug\gpio.o section .text
                                   used in Debug\main.o
_determineArr           0000820f   defined in Debug\timer.o section .text
_determineMinPsc        000081a3   defined in Debug\timer.o section .text
_determineOCValue       0000824a   defined in Debug\timer.o section .text
_exit                   000080f1   defined in C:\Program Files (x86)\COSMIC\FSE_Compilers\CXSTM8\lib\crtsi0.sm8 section .text
_getMasterClkFreq       00008525   defined in Debug\timer.o section .text
_main                   00008587   defined in Debug\main.o section .text
                                   used in C:\Program Files (x86)\COSMIC\FSE_Compilers\CXSTM8\lib\crtsi0.sm8
_setTim1Deadtime        00008140   defined in Debug\timer.o section .text
_setTim1Freq            00008434   defined in Debug\timer.o section .text
                                   used in Debug\main.o
_setTim1OCPeriod        000083b5   defined in Debug\timer.o section .text
_tim1InitOC             000084a2   defined in Debug\timer.o section .text
                                   used in Debug\main.o
_tim1OCSetMode          00008379   defined in Debug\timer.o section .text
_tim1OCSetValue         0000832e   defined in Debug\timer.o section .text
_tim1SetValues          000082d9   defined in Debug\timer.o section .text
c_ctof                  00008651   defined in (C:\Program Files (x86)\COSMIC\FSE_Compilers\CXSTM8\lib\libm0.sm8)ctof.o section .text
                                   used in Debug\timer.o
c_fadd                  0000872f   defined in (C:\Program Files (x86)\COSMIC\FSE_Compilers\CXSTM8\lib\libm0.sm8)fadd.o section .text
                                   used in (C:\Program Files (x86)\COSMIC\FSE_Compilers\CXSTM8\lib\libm0.sm8)fgadd.o
c_fcmp                  00008659   defined in (C:\Program Files (x86)\COSMIC\FSE_Compilers\CXSTM8\lib\libm0.sm8)fcmp.o section .text
                                   used in Debug\timer.o
c_fdiv                  0000868f   defined in (C:\Program Files (x86)\COSMIC\FSE_Compilers\CXSTM8\lib\libm0.sm8)fdiv.o section .text
                                   used in Debug\timer.o
c_fgadd                 00008713   defined in (C:\Program Files (x86)\COSMIC\FSE_Compilers\CXSTM8\lib\libm0.sm8)fgadd.o section .text
                                   used in Debug\timer.o
c_fgmul                 000087f8   defined in (C:\Program Files (x86)\COSMIC\FSE_Compilers\CXSTM8\lib\libm0.sm8)fgmul.o section .text
                                   used in Debug\timer.o
c_fmul                  00008800   defined in (C:\Program Files (x86)\COSMIC\FSE_Compilers\CXSTM8\lib\libm0.sm8)fmul.o section .text
                                   used in Debug\timer.o
                                           (C:\Program Files (x86)\COSMIC\FSE_Compilers\CXSTM8\lib\libm0.sm8)fgmul.o
c_fsub                  0000871b   defined in (C:\Program Files (x86)\COSMIC\FSE_Compilers\CXSTM8\lib\libm0.sm8)fadd.o section .text
                                   *** not used ***
c_ftoi                  000088d5   defined in (C:\Program Files (x86)\COSMIC\FSE_Compilers\CXSTM8\lib\libm0.sm8)ftol.o section .text
                                   used in Debug\timer.o
c_ftol                  000088db   defined in (C:\Program Files (x86)\COSMIC\FSE_Compilers\CXSTM8\lib\libm0.sm8)ftol.o section .text
                                   used in Debug\timer.o
c_itof                  00008937   defined in (C:\Program Files (x86)\COSMIC\FSE_Compilers\CXSTM8\lib\libm0.sm8)itof.o section .text
                                   used in (C:\Program Files (x86)\COSMIC\FSE_Compilers\CXSTM8\lib\libm0.sm8)ctof.o
c_ladd                  00008965   defined in (C:\Program Files (x86)\COSMIC\FSE_Compilers\CXSTM8\lib\libm0.sm8)ladd.o section .text
                                   used in Debug\timer.o
c_lcmp                  0000897d   defined in (C:\Program Files (x86)\COSMIC\FSE_Compilers\CXSTM8\lib\libm0.sm8)lcmp.o section .text
                                   used in Debug\timer.o
c_lreg                  00000000   defined in (C:\Program Files (x86)\COSMIC\FSE_Compilers\CXSTM8\lib\libm0.sm8)lreg.o section .ubsct
                                   used in Debug\timer.o
                                           (C:\Program Files (x86)\COSMIC\FSE_Compilers\CXSTM8\lib\libm0.sm8)fcmp.o
                                           (C:\Program Files (x86)\COSMIC\FSE_Compilers\CXSTM8\lib\libm0.sm8)fdiv.o
                                           (C:\Program Files (x86)\COSMIC\FSE_Compilers\CXSTM8\lib\libm0.sm8)fadd.o
                                           (C:\Program Files (x86)\COSMIC\FSE_Compilers\CXSTM8\lib\libm0.sm8)fmul.o
                                           (C:\Program Files (x86)\COSMIC\FSE_Compilers\CXSTM8\lib\libm0.sm8)ftol.o
                                           (C:\Program Files (x86)\COSMIC\FSE_Compilers\CXSTM8\lib\libm0.sm8)itof.o
                                           (C:\Program Files (x86)\COSMIC\FSE_Compilers\CXSTM8\lib\libm0.sm8)ladd.o
                                           (C:\Program Files (x86)\COSMIC\FSE_Compilers\CXSTM8\lib\libm0.sm8)lcmp.o
                                           (C:\Program Files (x86)\COSMIC\FSE_Compilers\CXSTM8\lib\libm0.sm8)lsbc.o
                                           (C:\Program Files (x86)\COSMIC\FSE_Compilers\CXSTM8\lib\libm0.sm8)ltor.o
                                           (C:\Program Files (x86)\COSMIC\FSE_Compilers\CXSTM8\lib\libm0.sm8)rtol.o
                                           (C:\Program Files (x86)\COSMIC\FSE_Compilers\CXSTM8\lib\libm0.sm8)uitof.o
                                           (C:\Program Files (x86)\COSMIC\FSE_Compilers\CXSTM8\lib\libm0.sm8)utolx.o
                                           (C:\Program Files (x86)\COSMIC\FSE_Compilers\CXSTM8\lib\libm0.sm8)ultof.o
c_lsbc                  0000899d   defined in (C:\Program Files (x86)\COSMIC\FSE_Compilers\CXSTM8\lib\libm0.sm8)lsbc.o section .text
                                   used in Debug\timer.o
c_ltor                  000089b4   defined in (C:\Program Files (x86)\COSMIC\FSE_Compilers\CXSTM8\lib\libm0.sm8)ltor.o section .text
                                   used in Debug\timer.o
c_lzmp                  000089c6   defined in (C:\Program Files (x86)\COSMIC\FSE_Compilers\CXSTM8\lib\libm0.sm8)lzmp.o section .text
                                   used in Debug\timer.o
c_okadd                 00008739   defined in (C:\Program Files (x86)\COSMIC\FSE_Compilers\CXSTM8\lib\libm0.sm8)fadd.o section .text
c_okdiv                 0000869f   defined in (C:\Program Files (x86)\COSMIC\FSE_Compilers\CXSTM8\lib\libm0.sm8)fdiv.o section .text
                                   *** not used ***
c_okmul                 0000880e   defined in (C:\Program Files (x86)\COSMIC\FSE_Compilers\CXSTM8\lib\libm0.sm8)fmul.o section .text
                                   *** not used ***
c_oksub                 00008725   defined in (C:\Program Files (x86)\COSMIC\FSE_Compilers\CXSTM8\lib\libm0.sm8)fadd.o section .text
                                   *** not used ***
c_rtol                  000089d9   defined in (C:\Program Files (x86)\COSMIC\FSE_Compilers\CXSTM8\lib\libm0.sm8)rtol.o section .text
                                   used in Debug\timer.o
                                           (C:\Program Files (x86)\COSMIC\FSE_Compilers\CXSTM8\lib\libm0.sm8)fgadd.o
                                           (C:\Program Files (x86)\COSMIC\FSE_Compilers\CXSTM8\lib\libm0.sm8)fgmul.o
c_uitof                 000089eb   defined in (C:\Program Files (x86)\COSMIC\FSE_Compilers\CXSTM8\lib\libm0.sm8)uitof.o section .text
                                   used in Debug\timer.o
c_uitolx                00008a0f   defined in (C:\Program Files (x86)\COSMIC\FSE_Compilers\CXSTM8\lib\libm0.sm8)utolx.o section .text
                                   used in Debug\timer.o
c_ultof                 00008a16   defined in (C:\Program Files (x86)\COSMIC\FSE_Compilers\CXSTM8\lib\libm0.sm8)ultof.o section .text
                                   used in Debug\timer.o
c_x                     00000004   defined in (C:\Program Files (x86)\COSMIC\FSE_Compilers\CXSTM8\lib\libm0.sm8)xreg.o section .ubsct
                                   used in C:\Program Files (x86)\COSMIC\FSE_Compilers\CXSTM8\lib\crtsi0.sm8
                                           (C:\Program Files (x86)\COSMIC\FSE_Compilers\CXSTM8\lib\libm0.sm8)fcmp.o
                                           (C:\Program Files (x86)\COSMIC\FSE_Compilers\CXSTM8\lib\libm0.sm8)fdiv.o
                                           (C:\Program Files (x86)\COSMIC\FSE_Compilers\CXSTM8\lib\libm0.sm8)fadd.o
                                           (C:\Program Files (x86)\COSMIC\FSE_Compilers\CXSTM8\lib\libm0.sm8)fmul.o
c_y                     00000007   defined in (C:\Program Files (x86)\COSMIC\FSE_Compilers\CXSTM8\lib\libm0.sm8)yreg.o section .ubsct
                                   used in C:\Program Files (x86)\COSMIC\FSE_Compilers\CXSTM8\lib\crtsi0.sm8
f_NonHandledInterrupt   00008a66   defined in Debug\stm8_interrupt_vector.o section .text
