
Map of Debug\switching.sm8 from link file Debug\switching.lkf - Thu Jul 25 14:44:50 2019


                               --------
                               Segments
                               --------

start 00008080 end 000080a0 length    32 segment .const
start 000080a3 end 00008dfb length  3416 segment .text
start 00004000 end 00004000 length     0 segment .eeprom
start 00000000 end 00000000 length     0 segment .bsct
start 00000000 end 0000000a length    10 segment .ubsct
start 0000000a end 0000000a length     0 segment .bit
start 0000000a end 0000000a length     0 segment .share
start 00000100 end 00000100 length     0 segment .data
start 00000100 end 00000100 length     0 segment .bss
start 00000000 end 0000075d length  1885 segment .info.
start 00000000 end 00000d4d length  3405 segment .debug
start 00008000 end 00008080 length   128 segment .const
start 000080a0 end 000080a3 length     3 segment .init


                               -------
                               Modules
                               -------

C:\Program Files (x86)\COSMIC\FSE_Compilers\CXSTM8\lib\crtsi0.sm8:
start 000080a3 end 000080f3 length    80 section .text
start 00000100 end 00000100 length     0 section .bss
start 00000000 end 00000000 length     0 section .ubsct
start 00000000 end 00000034 length    52 section .info.

Debug\clk.o:
start 000080f3 end 00008140 length    77 section .text
start 00000000 end 000000da length   218 section .debug
start 00000034 end 0000009e length   106 section .info.

Debug\timer.o:
start 00008140 end 00008791 length  1617 section .text
start 000000da end 00000930 length  2134 section .debug
start 0000009e end 0000010a length   108 section .info.
start 00008080 end 0000809c length    28 section .const

Debug\main.o:
start 00008791 end 000087ef length    94 section .text
start 00000930 end 000009de length   174 section .debug
start 0000010a end 00000175 length   107 section .info.
start 0000809c end 000080a0 length     4 section .const

Debug\gpio.o:
start 000087ef end 00008868 length   121 section .text
start 000009de end 00000be2 length   516 section .debug
start 00000175 end 000001e0 length   107 section .info.

(C:\Program Files (x86)\COSMIC\FSE_Compilers\CXSTM8\lib\libm0.sm8)ctof.o:
start 00008868 end 00008870 length     8 section .text
start 000001e0 end 0000020f length    47 section .info.

(C:\Program Files (x86)\COSMIC\FSE_Compilers\CXSTM8\lib\libm0.sm8)fadd.o:
start 00008870 end 0000894d length   221 section .text
start 0000020f end 0000023e length    47 section .info.

(C:\Program Files (x86)\COSMIC\FSE_Compilers\CXSTM8\lib\libm0.sm8)fcmp.o:
start 0000894d end 00008983 length    54 section .text
start 0000023e end 0000026d length    47 section .info.

(C:\Program Files (x86)\COSMIC\FSE_Compilers\CXSTM8\lib\libm0.sm8)fdiv.o:
start 00008983 end 00008a07 length   132 section .text
start 0000026d end 0000029c length    47 section .info.

(C:\Program Files (x86)\COSMIC\FSE_Compilers\CXSTM8\lib\libm0.sm8)fmul.o:
start 00008a07 end 00008adc length   213 section .text
start 0000029c end 000002cb length    47 section .info.

(C:\Program Files (x86)\COSMIC\FSE_Compilers\CXSTM8\lib\libm0.sm8)ftol.o:
start 00008adc end 00008b3e length    98 section .text
start 000002cb end 000002fa length    47 section .info.

(C:\Program Files (x86)\COSMIC\FSE_Compilers\CXSTM8\lib\libm0.sm8)itof.o:
start 00008b3e end 00008b6c length    46 section .text
start 000002fa end 00000329 length    47 section .info.

(C:\Program Files (x86)\COSMIC\FSE_Compilers\CXSTM8\lib\libm0.sm8)ladd.o:
start 00008b6c end 00008b84 length    24 section .text
start 00000329 end 00000358 length    47 section .info.

(C:\Program Files (x86)\COSMIC\FSE_Compilers\CXSTM8\lib\libm0.sm8)lcmp.o:
start 00008b84 end 00008ba4 length    32 section .text
start 00000358 end 00000387 length    47 section .info.

(C:\Program Files (x86)\COSMIC\FSE_Compilers\CXSTM8\lib\libm0.sm8)llsh.o:
start 00008ba4 end 00008bb3 length    15 section .text
start 00000387 end 000003b6 length    47 section .info.

(C:\Program Files (x86)\COSMIC\FSE_Compilers\CXSTM8\lib\libm0.sm8)lor.o:
start 00008bb3 end 00008bcb length    24 section .text
start 000003b6 end 000003e4 length    46 section .info.

(C:\Program Files (x86)\COSMIC\FSE_Compilers\CXSTM8\lib\libm0.sm8)lreg.o:
start 00000000 end 00000004 length     4 section .ubsct
start 000003e4 end 00000413 length    47 section .info.

(C:\Program Files (x86)\COSMIC\FSE_Compilers\CXSTM8\lib\libm0.sm8)lsbc.o:
start 00008bcb end 00008be2 length    23 section .text
start 00000413 end 00000442 length    47 section .info.

(C:\Program Files (x86)\COSMIC\FSE_Compilers\CXSTM8\lib\libm0.sm8)ltor.o:
start 00008be2 end 00008bf4 length    18 section .text
start 00000442 end 00000471 length    47 section .info.

(C:\Program Files (x86)\COSMIC\FSE_Compilers\CXSTM8\lib\libm0.sm8)ludiv.o:
start 00008bf4 end 00008c08 length    20 section .text
start 00000471 end 000004a1 length    48 section .info.

(C:\Program Files (x86)\COSMIC\FSE_Compilers\CXSTM8\lib\libm0.sm8)ldiv.o:
start 00008c08 end 00008cf3 length   235 section .text
start 000004a1 end 000004d0 length    47 section .info.

(C:\Program Files (x86)\COSMIC\FSE_Compilers\CXSTM8\lib\libm0.sm8)lgneg.o:
start 00008cf3 end 00008d06 length    19 section .text
start 000004d0 end 00000500 length    48 section .info.

(C:\Program Files (x86)\COSMIC\FSE_Compilers\CXSTM8\lib\libm0.sm8)lneg.o:
start 00008d06 end 00008d1b length    21 section .text
start 00000500 end 0000052f length    47 section .info.

(C:\Program Files (x86)\COSMIC\FSE_Compilers\CXSTM8\lib\libm0.sm8)lzmp.o:
start 00008d1b end 00008d2e length    19 section .text
start 0000052f end 0000055e length    47 section .info.

(C:\Program Files (x86)\COSMIC\FSE_Compilers\CXSTM8\lib\libm0.sm8)rtol.o:
start 00008d2e end 00008d40 length    18 section .text
start 0000055e end 0000058d length    47 section .info.

(C:\Program Files (x86)\COSMIC\FSE_Compilers\CXSTM8\lib\libm0.sm8)smul.o:
start 00008d40 end 00008d7f length    63 section .text
start 0000058d end 000005bc length    47 section .info.

(C:\Program Files (x86)\COSMIC\FSE_Compilers\CXSTM8\lib\libm0.sm8)uitof.o:
start 00008d7f end 00008da3 length    36 section .text
start 000005bc end 000005ec length    48 section .info.

(C:\Program Files (x86)\COSMIC\FSE_Compilers\CXSTM8\lib\libm0.sm8)utolx.o:
start 00008da3 end 00008daa length     7 section .text
start 000005ec end 0000061c length    48 section .info.

(C:\Program Files (x86)\COSMIC\FSE_Compilers\CXSTM8\lib\libm0.sm8)ultof.o:
start 00008daa end 00008dfa length    80 section .text
start 0000061c end 0000064c length    48 section .info.

(C:\Program Files (x86)\COSMIC\FSE_Compilers\CXSTM8\lib\libm0.sm8)xreg.o:
start 00000004 end 00000007 length     3 section .ubsct
start 0000064c end 0000067b length    47 section .info.

(C:\Program Files (x86)\COSMIC\FSE_Compilers\CXSTM8\lib\libm0.sm8)yreg.o:
start 00000007 end 0000000a length     3 section .ubsct
start 0000067b end 000006aa length    47 section .info.

Debug\stm8_interrupt_vector.o:
start 00008dfa end 00008dfb length     1 section .text
start 00000be2 end 00000d4d length   363 section .debug
start 000006aa end 00000726 length   124 section .info.
start 00008000 end 00008080 length   128 section .const


                             -----------
                             Stack usage
                             -----------

Debug\clk.o:
_HSIMasterClkSetFreq        4   (4)

Debug\gpio.o:
_configureGPIO             13   (13)

Debug\main.o:
_main                  >   80   (2)

Debug\stm8_interrupt_vector.o:
f_NonHandledInterrupt  >    6   (6)

Debug\timer.o:
_determineArr              30   (22)
_determineMinPsc           28   (20)
_determineOCValue          24   (16)
_getMasterClkFreq          10   (8)
_setTim1Deadtime           36   (22)
_setTim1Freq               78   (22)
_setTim1OCPeriod           56   (26)
_tim1InitOC                29   (10)
_tim1OCSetMode             19   (16)
_tim1OCSetValue            17   (14)
_tim1SetValues             14   (14)

Stack size: 86


                              ---------
                              Call tree
                              ---------
   1 > __stext: (0)

   2 > _main: (2)
   3      + _HSIMasterClkSetFreq: (4)
   4      + _configureGPIO: (13)
   5      + _setTim1Deadtime: (22)
   6      |    + _getMasterClkFreq: (8)
          | 
   7      + _setTim1Freq: (22)
   8      |    + _getMasterClkFreq --> 6
   9      |    + _setTim1OCPeriod: (26)
  10      |    |    + _determineArr: (22)
  11      |    |    + _determineMinPsc: (20)
  12      |    |    + _determineOCValue: (16)
  13      |    |    + _tim1OCSetValue: (14)
  14      |    |    + _tim1SetValues: (14)
          |    | 
          | 
  15      + _tim1InitOC: (10)
  16      |    + _tim1OCSetMode: (16)
          | 
       
  17 > f_NonHandledInterrupt: (6)

  18   _HSIMasterClkSetFreq --> 3

  19   _configureGPIO --> 4

  20   _determineArr --> 10

  21   _determineMinPsc --> 11

  22   _determineOCValue --> 12

  23   _getMasterClkFreq --> 6

  24   _setTim1Deadtime --> 5

  25   _setTim1Freq --> 7

  26   _setTim1OCPeriod --> 9

  27   _tim1InitOC --> 15

  28   _tim1OCSetMode --> 16

  29   _tim1OCSetValue --> 13

  30   _tim1SetValues --> 14



                               -------
                               Symbols
                               -------

_HSIMasterClkSetFreq    000080f3   defined in Debug\clk.o section .text
                                   used in Debug\main.o
__endmem                000001ff   defined in command file
                                   *** not used ***
__endzp                 0000000a   defined in command file section .ubsct
                                   used in C:\Program Files (x86)\COSMIC\FSE_Compilers\CXSTM8\lib\crtsi0.sm8
__idesc__               000080a0   defined in linker section .init
                                   used in C:\Program Files (x86)\COSMIC\FSE_Compilers\CXSTM8\lib\crtsi0.sm8
__memory                00000100   defined in command file section .bss
                                   used in C:\Program Files (x86)\COSMIC\FSE_Compilers\CXSTM8\lib\crtsi0.sm8
__stack                 000003ff   defined in command file
                                   used in C:\Program Files (x86)\COSMIC\FSE_Compilers\CXSTM8\lib\crtsi0.sm8
__startmem              00000100   defined in command file section .bss
                                   *** not used ***
__stext                 000080a3   defined in C:\Program Files (x86)\COSMIC\FSE_Compilers\CXSTM8\lib\crtsi0.sm8 section .text
                                   used in Debug\stm8_interrupt_vector.o
__vectab                00008000   defined in Debug\stm8_interrupt_vector.o section .const
_configureGPIO          000087ef   defined in Debug\gpio.o section .text
                                   used in Debug\main.o
_determineArr           00008419   defined in Debug\timer.o section .text
_determineMinPsc        000083ad   defined in Debug\timer.o section .text
_determineOCValue       00008454   defined in Debug\timer.o section .text
_exit                   000080f1   defined in C:\Program Files (x86)\COSMIC\FSE_Compilers\CXSTM8\lib\crtsi0.sm8 section .text
_getMasterClkFreq       0000872f   defined in Debug\timer.o section .text
_main                   00008791   defined in Debug\main.o section .text
                                   used in C:\Program Files (x86)\COSMIC\FSE_Compilers\CXSTM8\lib\crtsi0.sm8
_setTim1Deadtime        00008140   defined in Debug\timer.o section .text
                                   used in Debug\main.o
_setTim1Freq            0000863e   defined in Debug\timer.o section .text
                                   used in Debug\main.o
_setTim1OCPeriod        000085bf   defined in Debug\timer.o section .text
_tim1InitOC             000086ac   defined in Debug\timer.o section .text
                                   used in Debug\main.o
_tim1OCSetMode          00008583   defined in Debug\timer.o section .text
_tim1OCSetValue         00008538   defined in Debug\timer.o section .text
_tim1SetValues          000084e3   defined in Debug\timer.o section .text
c_ctof                  00008868   defined in (C:\Program Files (x86)\COSMIC\FSE_Compilers\CXSTM8\lib\libm0.sm8)ctof.o section .text
                                   used in Debug\timer.o
c_divsl                 00008c08   defined in (C:\Program Files (x86)\COSMIC\FSE_Compilers\CXSTM8\lib\libm0.sm8)ldiv.o section .text
                                   *** not used ***
c_divul                 00008c1f   defined in (C:\Program Files (x86)\COSMIC\FSE_Compilers\CXSTM8\lib\libm0.sm8)ldiv.o section .text
                                   used in (C:\Program Files (x86)\COSMIC\FSE_Compilers\CXSTM8\lib\libm0.sm8)ludiv.o
c_fadd                  00008884   defined in (C:\Program Files (x86)\COSMIC\FSE_Compilers\CXSTM8\lib\libm0.sm8)fadd.o section .text
                                   used in Debug\timer.o
c_fcmp                  0000894d   defined in (C:\Program Files (x86)\COSMIC\FSE_Compilers\CXSTM8\lib\libm0.sm8)fcmp.o section .text
                                   used in Debug\timer.o
c_fdiv                  00008983   defined in (C:\Program Files (x86)\COSMIC\FSE_Compilers\CXSTM8\lib\libm0.sm8)fdiv.o section .text
                                   used in Debug\timer.o
c_fmul                  00008a07   defined in (C:\Program Files (x86)\COSMIC\FSE_Compilers\CXSTM8\lib\libm0.sm8)fmul.o section .text
                                   used in Debug\timer.o
c_fsub                  00008870   defined in (C:\Program Files (x86)\COSMIC\FSE_Compilers\CXSTM8\lib\libm0.sm8)fadd.o section .text
                                   *** not used ***
c_ftoi                  00008adc   defined in (C:\Program Files (x86)\COSMIC\FSE_Compilers\CXSTM8\lib\libm0.sm8)ftol.o section .text
                                   used in Debug\timer.o
c_ftol                  00008ae2   defined in (C:\Program Files (x86)\COSMIC\FSE_Compilers\CXSTM8\lib\libm0.sm8)ftol.o section .text
                                   used in Debug\timer.o
c_itof                  00008b3e   defined in (C:\Program Files (x86)\COSMIC\FSE_Compilers\CXSTM8\lib\libm0.sm8)itof.o section .text
                                   used in (C:\Program Files (x86)\COSMIC\FSE_Compilers\CXSTM8\lib\libm0.sm8)ctof.o
c_ladd                  00008b6c   defined in (C:\Program Files (x86)\COSMIC\FSE_Compilers\CXSTM8\lib\libm0.sm8)ladd.o section .text
                                   used in Debug\timer.o
c_lcmp                  00008b84   defined in (C:\Program Files (x86)\COSMIC\FSE_Compilers\CXSTM8\lib\libm0.sm8)lcmp.o section .text
                                   used in Debug\timer.o
c_lgneg                 00008cf3   defined in (C:\Program Files (x86)\COSMIC\FSE_Compilers\CXSTM8\lib\libm0.sm8)lgneg.o section .text
                                   used in (C:\Program Files (x86)\COSMIC\FSE_Compilers\CXSTM8\lib\libm0.sm8)ldiv.o
c_llsh                  00008ba4   defined in (C:\Program Files (x86)\COSMIC\FSE_Compilers\CXSTM8\lib\libm0.sm8)llsh.o section .text
                                   used in Debug\timer.o
c_lneg                  00008d06   defined in (C:\Program Files (x86)\COSMIC\FSE_Compilers\CXSTM8\lib\libm0.sm8)lneg.o section .text
                                   used in (C:\Program Files (x86)\COSMIC\FSE_Compilers\CXSTM8\lib\libm0.sm8)ldiv.o
c_lor                   00008bb3   defined in (C:\Program Files (x86)\COSMIC\FSE_Compilers\CXSTM8\lib\libm0.sm8)lor.o section .text
                                   used in Debug\timer.o
c_lreg                  00000000   defined in (C:\Program Files (x86)\COSMIC\FSE_Compilers\CXSTM8\lib\libm0.sm8)lreg.o section .ubsct
                                   used in Debug\timer.o
                                           (C:\Program Files (x86)\COSMIC\FSE_Compilers\CXSTM8\lib\libm0.sm8)fadd.o
                                           (C:\Program Files (x86)\COSMIC\FSE_Compilers\CXSTM8\lib\libm0.sm8)fcmp.o
                                           (C:\Program Files (x86)\COSMIC\FSE_Compilers\CXSTM8\lib\libm0.sm8)fdiv.o
                                           (C:\Program Files (x86)\COSMIC\FSE_Compilers\CXSTM8\lib\libm0.sm8)fmul.o
                                           (C:\Program Files (x86)\COSMIC\FSE_Compilers\CXSTM8\lib\libm0.sm8)ftol.o
                                           (C:\Program Files (x86)\COSMIC\FSE_Compilers\CXSTM8\lib\libm0.sm8)itof.o
                                           (C:\Program Files (x86)\COSMIC\FSE_Compilers\CXSTM8\lib\libm0.sm8)ladd.o
                                           (C:\Program Files (x86)\COSMIC\FSE_Compilers\CXSTM8\lib\libm0.sm8)lcmp.o
                                           (C:\Program Files (x86)\COSMIC\FSE_Compilers\CXSTM8\lib\libm0.sm8)llsh.o
                                           (C:\Program Files (x86)\COSMIC\FSE_Compilers\CXSTM8\lib\libm0.sm8)lor.o
                                           (C:\Program Files (x86)\COSMIC\FSE_Compilers\CXSTM8\lib\libm0.sm8)lsbc.o
                                           (C:\Program Files (x86)\COSMIC\FSE_Compilers\CXSTM8\lib\libm0.sm8)ltor.o
                                           (C:\Program Files (x86)\COSMIC\FSE_Compilers\CXSTM8\lib\libm0.sm8)ldiv.o
                                           (C:\Program Files (x86)\COSMIC\FSE_Compilers\CXSTM8\lib\libm0.sm8)lneg.o
                                           (C:\Program Files (x86)\COSMIC\FSE_Compilers\CXSTM8\lib\libm0.sm8)rtol.o
                                           (C:\Program Files (x86)\COSMIC\FSE_Compilers\CXSTM8\lib\libm0.sm8)smul.o
                                           (C:\Program Files (x86)\COSMIC\FSE_Compilers\CXSTM8\lib\libm0.sm8)uitof.o
                                           (C:\Program Files (x86)\COSMIC\FSE_Compilers\CXSTM8\lib\libm0.sm8)utolx.o
                                           (C:\Program Files (x86)\COSMIC\FSE_Compilers\CXSTM8\lib\libm0.sm8)ultof.o
c_lsbc                  00008bcb   defined in (C:\Program Files (x86)\COSMIC\FSE_Compilers\CXSTM8\lib\libm0.sm8)lsbc.o section .text
                                   used in Debug\timer.o
c_ltor                  00008be2   defined in (C:\Program Files (x86)\COSMIC\FSE_Compilers\CXSTM8\lib\libm0.sm8)ltor.o section .text
                                   used in Debug\timer.o
c_ludv                  00008bf4   defined in (C:\Program Files (x86)\COSMIC\FSE_Compilers\CXSTM8\lib\libm0.sm8)ludiv.o section .text
                                   used in Debug\timer.o
c_lzmp                  00008d1b   defined in (C:\Program Files (x86)\COSMIC\FSE_Compilers\CXSTM8\lib\libm0.sm8)lzmp.o section .text
                                   used in Debug\timer.o
c_okadd                 0000888e   defined in (C:\Program Files (x86)\COSMIC\FSE_Compilers\CXSTM8\lib\libm0.sm8)fadd.o section .text
c_okdiv                 00008993   defined in (C:\Program Files (x86)\COSMIC\FSE_Compilers\CXSTM8\lib\libm0.sm8)fdiv.o section .text
                                   *** not used ***
c_okmul                 00008a15   defined in (C:\Program Files (x86)\COSMIC\FSE_Compilers\CXSTM8\lib\libm0.sm8)fmul.o section .text
                                   *** not used ***
c_oksub                 0000887a   defined in (C:\Program Files (x86)\COSMIC\FSE_Compilers\CXSTM8\lib\libm0.sm8)fadd.o section .text
                                   *** not used ***
c_rtol                  00008d2e   defined in (C:\Program Files (x86)\COSMIC\FSE_Compilers\CXSTM8\lib\libm0.sm8)rtol.o section .text
                                   used in Debug\timer.o
c_smul                  00008d40   defined in (C:\Program Files (x86)\COSMIC\FSE_Compilers\CXSTM8\lib\libm0.sm8)smul.o section .text
                                   used in Debug\timer.o
c_uitof                 00008d7f   defined in (C:\Program Files (x86)\COSMIC\FSE_Compilers\CXSTM8\lib\libm0.sm8)uitof.o section .text
                                   used in Debug\timer.o
c_uitolx                00008da3   defined in (C:\Program Files (x86)\COSMIC\FSE_Compilers\CXSTM8\lib\libm0.sm8)utolx.o section .text
                                   used in Debug\timer.o
c_ultof                 00008daa   defined in (C:\Program Files (x86)\COSMIC\FSE_Compilers\CXSTM8\lib\libm0.sm8)ultof.o section .text
                                   used in Debug\timer.o
c_x                     00000004   defined in (C:\Program Files (x86)\COSMIC\FSE_Compilers\CXSTM8\lib\libm0.sm8)xreg.o section .ubsct
                                   used in C:\Program Files (x86)\COSMIC\FSE_Compilers\CXSTM8\lib\crtsi0.sm8
                                           (C:\Program Files (x86)\COSMIC\FSE_Compilers\CXSTM8\lib\libm0.sm8)fadd.o
                                           (C:\Program Files (x86)\COSMIC\FSE_Compilers\CXSTM8\lib\libm0.sm8)fcmp.o
                                           (C:\Program Files (x86)\COSMIC\FSE_Compilers\CXSTM8\lib\libm0.sm8)fdiv.o
                                           (C:\Program Files (x86)\COSMIC\FSE_Compilers\CXSTM8\lib\libm0.sm8)fmul.o
                                           (C:\Program Files (x86)\COSMIC\FSE_Compilers\CXSTM8\lib\libm0.sm8)ldiv.o
c_y                     00000007   defined in (C:\Program Files (x86)\COSMIC\FSE_Compilers\CXSTM8\lib\libm0.sm8)yreg.o section .ubsct
                                   used in C:\Program Files (x86)\COSMIC\FSE_Compilers\CXSTM8\lib\crtsi0.sm8
f_NonHandledInterrupt   00008dfa   defined in Debug\stm8_interrupt_vector.o section .text
